MPLINK 4.49, Linker
Linker Map File - Created Tue Mar 18 11:16:08 2025

                                 Section Info
                  Section       Type    Address   Location Size(Bytes)
                ---------  ---------  ---------  ---------  ---------
                   .org_0       code   0x000000    program   0x000000
                   .org_1       code   0x000000    program   0x000002
                   .org_2       code   0x000004    program   0x0000c8
.config_2007_CONTADOR_ASCENDETE.O       code   0x002007    program   0x000002



                              Program Memory Usage 
                               Start         End      
                           ---------   ---------      
                            0x000000    0x000000      
                            0x000004    0x000067      
                            0x002007    0x002007      
            102 out of 8454 program addresses used, program memory utilization is 1%



                              Symbols - Sorted by Name
                     Name    Address   Location    Storage File                     
                ---------  ---------  ---------  --------- ---------                
                   CICLO1   0x000063    program     static E:\AUXILIAR\MICRO\MPLAB ASM\MLAB PIC16F877A\SOLUCION LAB_1_2025\CONTADOR_ASCENDETE.asm
                   CICLO2   0x000061    program     static E:\AUXILIAR\MICRO\MPLAB ASM\MLAB PIC16F877A\SOLUCION LAB_1_2025\CONTADOR_ASCENDETE.asm
               CONFIGURAR   0x000005    program     static E:\AUXILIAR\MICRO\MPLAB ASM\MLAB PIC16F877A\SOLUCION LAB_1_2025\CONTADOR_ASCENDETE.asm
              DECREMENTAR   0x000025    program     static E:\AUXILIAR\MICRO\MPLAB ASM\MLAB PIC16F877A\SOLUCION LAB_1_2025\CONTADOR_ASCENDETE.asm
              INCREMENTAR   0x00004a    program     static E:\AUXILIAR\MICRO\MPLAB ASM\MLAB PIC16F877A\SOLUCION LAB_1_2025\CONTADOR_ASCENDETE.asm
                  INT_RB0   0x00001a    program     static E:\AUXILIAR\MICRO\MPLAB ASM\MLAB PIC16F877A\SOLUCION LAB_1_2025\CONTADOR_ASCENDETE.asm
                  LIMPIAR   0x000020    program     static E:\AUXILIAR\MICRO\MPLAB ASM\MLAB PIC16F877A\SOLUCION LAB_1_2025\CONTADOR_ASCENDETE.asm
                     MAIN   0x000017    program     static E:\AUXILIAR\MICRO\MPLAB ASM\MLAB PIC16F877A\SOLUCION LAB_1_2025\CONTADOR_ASCENDETE.asm
              RETARDO_5MS   0x00005f    program     static E:\AUXILIAR\MICRO\MPLAB ASM\MLAB PIC16F877A\SOLUCION LAB_1_2025\CONTADOR_ASCENDETE.asm
                TABLA_DEC   0x00003f    program     static E:\AUXILIAR\MICRO\MPLAB ASM\MLAB PIC16F877A\SOLUCION LAB_1_2025\CONTADOR_ASCENDETE.asm
               VISUALIZAR   0x000032    program     static E:\AUXILIAR\MICRO\MPLAB ASM\MLAB PIC16F877A\SOLUCION LAB_1_2025\CONTADOR_ASCENDETE.asm



                              Symbols - Sorted by Address
                     Name    Address   Location    Storage File                     
                ---------  ---------  ---------  --------- ---------                
               CONFIGURAR   0x000005    program     static E:\AUXILIAR\MICRO\MPLAB ASM\MLAB PIC16F877A\SOLUCION LAB_1_2025\CONTADOR_ASCENDETE.asm
                     MAIN   0x000017    program     static E:\AUXILIAR\MICRO\MPLAB ASM\MLAB PIC16F877A\SOLUCION LAB_1_2025\CONTADOR_ASCENDETE.asm
                  INT_RB0   0x00001a    program     static E:\AUXILIAR\MICRO\MPLAB ASM\MLAB PIC16F877A\SOLUCION LAB_1_2025\CONTADOR_ASCENDETE.asm
                  LIMPIAR   0x000020    program     static E:\AUXILIAR\MICRO\MPLAB ASM\MLAB PIC16F877A\SOLUCION LAB_1_2025\CONTADOR_ASCENDETE.asm
              DECREMENTAR   0x000025    program     static E:\AUXILIAR\MICRO\MPLAB ASM\MLAB PIC16F877A\SOLUCION LAB_1_2025\CONTADOR_ASCENDETE.asm
               VISUALIZAR   0x000032    program     static E:\AUXILIAR\MICRO\MPLAB ASM\MLAB PIC16F877A\SOLUCION LAB_1_2025\CONTADOR_ASCENDETE.asm
                TABLA_DEC   0x00003f    program     static E:\AUXILIAR\MICRO\MPLAB ASM\MLAB PIC16F877A\SOLUCION LAB_1_2025\CONTADOR_ASCENDETE.asm
              INCREMENTAR   0x00004a    program     static E:\AUXILIAR\MICRO\MPLAB ASM\MLAB PIC16F877A\SOLUCION LAB_1_2025\CONTADOR_ASCENDETE.asm
              RETARDO_5MS   0x00005f    program     static E:\AUXILIAR\MICRO\MPLAB ASM\MLAB PIC16F877A\SOLUCION LAB_1_2025\CONTADOR_ASCENDETE.asm
                   CICLO2   0x000061    program     static E:\AUXILIAR\MICRO\MPLAB ASM\MLAB PIC16F877A\SOLUCION LAB_1_2025\CONTADOR_ASCENDETE.asm
                   CICLO1   0x000063    program     static E:\AUXILIAR\MICRO\MPLAB ASM\MLAB PIC16F877A\SOLUCION LAB_1_2025\CONTADOR_ASCENDETE.asm


